{"time":"2026-10-06T09:22:40.5901854-04:00","level":"INFO","msg":"domain: localhost"}
{"time":"2026-10-06T09:22:40.5907076-04:00","level":"INFO","msg":"listenAddress: 0.0.0.0:8225"}
{"time":"2026-10-06T09:22:40.5907076-04:00","level":"INFO","msg":"readTimeoutSecond: 10"}
{"time":"2026-10-06T09:22:40.5907076-04:00","level":"INFO","msg":"writeTimeoutSecond: 10"}
{"time":"2026-10-06T09:22:40.5907076-04:00","level":"INFO","msg":"maxMessageBytes: 104857600"}
{"time":"2026-10-06T09:22:40.5907076-04:00","level":"INFO","msg":"allowInsecureAuth: false"}
{"time":"2026-10-06T09:22:40.5907076-04:00","level":"INFO","msg":"public key: C:\\Users\\dgabr\\work\\smtp-server\\docs\\cert.pem"}
{"time":"2026-10-06T09:22:40.5907076-04:00","level":"INFO","msg":"private key: C:\\Users\\dgabr\\work\\smtp-server\\docs\\key.pem"}
{"time":"2026-10-06T09:22:40.5907076-04:00","level":"INFO","msg":"587 enabled: true"}
{"time":"2026-10-06T09:22:40.5907076-04:00","level":"INFO","msg":"587 listen address: 0.0.0.0:8587"}
{"time":"2026-10-06T09:22:40.5907076-04:00","level":"INFO","msg":"db machine: localhost"}
{"time":"2026-10-06T09:22:40.5907076-04:00","level":"INFO","msg":"db port: 3306"}
{"time":"2026-10-06T09:22:40.5907076-04:00","level":"INFO","msg":"db login: smtp"}
{"time":"2026-10-06T09:22:40.5907076-04:00","level":"INFO","msg":"db password length: 4"}
{"time":"2026-10-06T09:22:40.5907076-04:00","level":"INFO","msg":"db database: smtp"}
{"time":"2026-10-06T09:22:40.5907076-04:00","level":"INFO","msg":"log fileName: C:\\Users\\dgabr\\work\\smtp-server\\docs\\logs\\smtp.log"}
{"time":"2026-10-06T09:22:40.5907076-04:00","level":"INFO","msg":"log maxSize: 100"}
{"time":"2026-10-06T09:22:40.5907076-04:00","level":"INFO","msg":"log maxAge: 365"}
{"time":"2026-10-06T09:22:40.5907076-04:00","level":"INFO","msg":"log compress: true"}
{"time":"2026-10-06T09:22:40.5907076-04:00","level":"INFO","msg":"log maxBackups: 30"}
{"time":"2026-10-06T09:22:40.5907076-04:00","level":"INFO","msg":"log queue simultaneousProcessing: 2"}
{"time":"2026-10-06T09:22:40.5907076-04:00","level":"INFO","msg":"log queue maxAttempts: 5"}
{"time":"2026-10-06T09:22:40.5912312-04:00","level":"INFO","msg":"log queue timeBetweenAttempts: 100"}
{"time":"2026-10-06T09:22:40.5912312-04:00","level":"INFO","msg":"log queue timeBetweenLoads: 60"}
{"time":"2026-10-06T09:22:40.5912312-04:00","level":"INFO","msg":"log queue loadSize: 10"}
{"time":"2026-10-06T09:22:40.5912312-04:00","level":"INFO","msg":"dkim enabled: true"}
{"time":"2026-10-06T09:22:40.5912312-04:00","level":"INFO","msg":"dkim private key: C:\\Users\\dgabr\\work\\smtp-server\\docs\\dkim_private.pem"}
{"time":"2026-10-06T09:22:40.5912312-04:00","level":"INFO","msg":"dkim selector: default"}
{"time":"2026-10-06T09:22:40.5912312-04:00","level":"INFO","msg":"spam enabled: false"}
{"time":"2026-10-06T09:22:40.5912312-04:00","level":"INFO","msg":"spam address: localhost:783"}
{"time":"2026-10-06T09:22:40.5912312-04:00","level":"INFO","msg":"spam threshold:  5.00"}
{"time":"2026-10-06T09:22:40.5912312-04:00","level":"INFO","msg":"spam copy: true"}
{"time":"2026-10-06T09:22:40.6016733-04:00","level":"INFO","msg":"Starting SMTP Server on 0.0.0.0:8225"}
{"time":"2026-10-06T09:22:40.6016733-04:00","level":"INFO","msg":"Starting SMTP Server on 0.0.0.0:8587"}
{"time":"2026-10-06T09:22:40.6016733-04:00","level":"INFO","msg":"IMAP server running on 0.0.0.0:8993 (Implicit TLS)"}
{"time":"2026-10-06T09:22:40.603781-04:00","level":"INFO","msg":"loaded 0 items from the queue"}
{"time":"2026-10-06T09:23:40.6038858-04:00","level":"INFO","msg":"load next one"}
{"time":"2026-10-06T09:23:40.6044646-04:00","level":"INFO","msg":"loaded 0 items from the queue"}
{"time":"2026-10-06T09:24:40.6045541-04:00","level":"INFO","msg":"load next one"}
{"time":"2026-10-06T09:24:40.6051519-04:00","level":"INFO","msg":"loaded 0 items from the queue"}
{"time":"2026-10-06T09:25:40.6066002-04:00","level":"INFO","msg":"load next one"}
{"time":"2026-10-06T09:25:40.607202-04:00","level":"INFO","msg":"loaded 0 items from the queue"}
{"time":"2026-10-06T09:26:40.6080995-04:00","level":"INFO","msg":"load next one"}
{"time":"2026-10-06T09:26:40.6087616-04:00","level":"INFO","msg":"loaded 0 items from the queue"}
{"time":"2026-10-06T09:26:52.9781355-04:00","level":"INFO","msg":"failed to write greeting: EOF"}
{"time":"2026-10-06T09:26:52.9781355-04:00","level":"INFO","msg":"Closing session: 15fbc69d-b885-4f83-8327-90a9ef2160fc","uuid":"15fbc69d-b885-4f83-8327-90a9ef2160fc"}
{"time":"2026-10-06T09:26:52.9781355-04:00","level":"INFO","msg":"failed to write greeting: EOF"}
{"time":"2026-10-06T09:26:52.9781355-04:00","level":"INFO","msg":"Closing session: f23f2a84-8770-48af-9fc4-6e52dbafc18d","uuid":"f23f2a84-8770-48af-9fc4-6e52dbafc18d"}
{"time":"2026-10-06T09:27:40.608781-04:00","level":"INFO","msg":"load next one"}
{"time":"2026-10-06T09:27:40.6150734-04:00","level":"INFO","msg":"loaded 0 items from the queue"}
{"time":"2026-10-06T09:28:40.615366-04:00","level":"INFO","msg":"load next one"}
{"time":"2026-10-06T09:28:40.615366-04:00","level":"INFO","msg":"loaded 0 items from the queue"}
{"time":"2026-10-06T09:29:05.3675643-04:00","level":"INFO","msg":"failed to write greeting: EOF"}
{"time":"2026-10-06T09:29:05.3675643-04:00","level":"INFO","msg":"Closing session: 563c4383-5089-41b4-b630-3db14d819099","uuid":"563c4383-5089-41b4-b630-3db14d819099"}
{"time":"2026-10-06T09:29:05.3675643-04:00","level":"INFO","msg":"failed to write greeting: EOF"}
{"time":"2026-10-06T09:29:05.3675643-04:00","level":"INFO","msg":"Closing session: 4b9b0c5d-424f-4d37-868a-89c948d55e73","uuid":"4b9b0c5d-424f-4d37-868a-89c948d55e73"}
{"time":"2026-10-06T09:29:40.6161264-04:00","level":"INFO","msg":"load next one"}
{"time":"2026-10-06T09:29:40.6161264-04:00","level":"INFO","msg":"loaded 0 items from the queue"}
{"time":"2026-10-06T09:30:15.6820399-04:00","level":"INFO","msg":"failed to write greeting: EOF"}
{"time":"2026-10-06T09:30:15.6820399-04:00","level":"INFO","msg":"Closing session: f5267f03-59ef-43e1-92fe-63ee6324fc3f","uuid":"f5267f03-59ef-43e1-92fe-63ee6324fc3f"}
{"time":"2026-10-06T09:30:15.6820399-04:00","level":"INFO","msg":"failed to write greeting: EOF"}
{"time":"2026-10-06T09:30:15.6820399-04:00","level":"INFO","msg":"Closing session: 10e80b1d-4811-4b4a-bca8-3f8ff362a8a1","uuid":"10e80b1d-4811-4b4a-bca8-3f8ff362a8a1"}
{"time":"2026-10-06T09:32:28.2064967-04:00","level":"INFO","msg":"domain: localhost"}
{"time":"2026-10-06T09:32:28.2064967-04:00","level":"INFO","msg":"listenAddress: 0.0.0.0:8225"}
{"time":"2026-10-06T09:32:28.2064967-04:00","level":"INFO","msg":"readTimeoutSecond: 10"}
{"time":"2026-10-06T09:32:28.2064967-04:00","level":"INFO","msg":"writeTimeoutSecond: 10"}
{"time":"2026-10-06T09:32:28.2064967-04:00","level":"INFO","msg":"maxMessageBytes: 104857600"}
{"time":"2026-10-06T09:32:28.2064967-04:00","level":"INFO","msg":"allowInsecureAuth: false"}
{"time":"2026-10-06T09:32:28.2064967-04:00","level":"INFO","msg":"public key: C:\\Users\\dgabr\\work\\smtp-server\\docs\\cert.pem"}
{"time":"2026-10-06T09:32:28.2064967-04:00","level":"INFO","msg":"private key: C:\\Users\\dgabr\\work\\smtp-server\\docs\\key.pem"}
{"time":"2026-10-06T09:32:28.2064967-04:00","level":"INFO","msg":"587 enabled: true"}
{"time":"2026-10-06T09:32:28.2064967-04:00","level":"INFO","msg":"587 listen address: 0.0.0.0:8587"}
{"time":"2026-10-06T09:32:28.2064967-04:00","level":"INFO","msg":"db machine: localhost"}
{"time":"2026-10-06T09:32:28.2064967-04:00","level":"INFO","msg":"db port: 3306"}
{"time":"2026-10-06T09:32:28.2064967-04:00","level":"INFO","msg":"db login: smtp"}
{"time":"2026-10-06T09:32:28.2064967-04:00","level":"INFO","msg":"db password length: 4"}
{"time":"2026-10-06T09:32:28.2064967-04:00","level":"INFO","msg":"db database: smtp"}
{"time":"2026-10-06T09:32:28.2064967-04:00","level":"INFO","msg":"log fileName: C:\\Users\\dgabr\\work\\smtp-server\\docs\\logs\\smtp.log"}
{"time":"2026-10-06T09:32:28.2064967-04:00","level":"INFO","msg":"log maxSize: 100"}
{"time":"2026-10-06T09:32:28.2064967-04:00","level":"INFO","msg":"log maxAge: 365"}
{"time":"2026-10-06T09:32:28.2064967-04:00","level":"INFO","msg":"log compress: true"}
{"time":"2026-10-06T09:32:28.2064967-04:00","level":"INFO","msg":"log maxBackups: 30"}
{"time":"2026-10-06T09:32:28.2064967-04:00","level":"INFO","msg":"log queue simultaneousProcessing: 2"}
{"time":"2026-10-06T09:32:28.2064967-04:00","level":"INFO","msg":"log queue maxAttempts: 5"}
{"time":"2026-10-06T09:32:28.2064967-04:00","level":"INFO","msg":"log queue timeBetweenAttempts: 100"}
{"time":"2026-10-06T09:32:28.2064967-04:00","level":"INFO","msg":"log queue timeBetweenLoads: 60"}
{"time":"2026-10-06T09:32:28.2064967-04:00","level":"INFO","msg":"log queue loadSize: 10"}
{"time":"2026-10-06T09:32:28.2064967-04:00","level":"INFO","msg":"dkim enabled: true"}
{"time":"2026-10-06T09:32:28.2064967-04:00","level":"INFO","msg":"dkim private key: C:\\Users\\dgabr\\work\\smtp-server\\docs\\dkim_private.pem"}
{"time":"2026-10-06T09:32:28.2064967-04:00","level":"INFO","msg":"dkim selector: default"}
{"time":"2026-10-06T09:32:28.2064967-04:00","level":"INFO","msg":"spam enabled: false"}
{"time":"2026-10-06T09:32:28.2064967-04:00","level":"INFO","msg":"spam address: localhost:783"}
{"time":"2026-10-06T09:32:28.2064967-04:00","level":"INFO","msg":"spam threshold:  5.00"}
{"time":"2026-10-06T09:32:28.2064967-04:00","level":"INFO","msg":"spam copy: true"}
{"time":"2026-10-06T09:32:28.2205817-04:00","level":"INFO","msg":"Starting SMTP Server on 0.0.0.0:8587"}
{"time":"2026-10-06T09:32:28.2205817-04:00","level":"INFO","msg":"Starting SMTP Server on 0.0.0.0:8225"}
{"time":"2026-10-06T09:32:49.7416348-04:00","level":"INFO","msg":"IMAP server running on 0.0.0.0:8993 (Implicit TLS)"}
{"time":"2026-10-06T09:32:49.7416348-04:00","level":"INFO","msg":"loaded 0 items from the queue"}
{"time":"2026-10-06T09:33:49.7420431-04:00","level":"INFO","msg":"load next one"}
{"time":"2026-10-06T09:33:49.7420431-04:00","level":"INFO","msg":"loaded 0 items from the queue"}
{"time":"2026-10-06T09:34:39.7721358-04:00","level":"INFO","msg":"failed to write greeting: EOF"}
{"time":"2026-10-06T09:34:45.7214904-04:00","level":"INFO","msg":"failed to write greeting: EOF"}
{"time":"2026-10-06T09:34:45.7214904-04:00","level":"INFO","msg":"Closing session: 10c2e0de-e355-4577-8497-2a6284c49a1b","uuid":"10c2e0de-e355-4577-8497-2a6284c49a1b"}
{"time":"2026-10-06T09:34:48.2716213-04:00","level":"INFO","msg":"Closing session: 70900c7d-4684-421c-a54d-71adca99c16f","uuid":"70900c7d-4684-421c-a54d-71adca99c16f"}
{"time":"2026-10-06T09:34:49.7424819-04:00","level":"INFO","msg":"load next one"}
{"time":"2026-10-06T09:34:49.7429962-04:00","level":"INFO","msg":"loaded 0 items from the queue"}
{"time":"2026-10-06T09:35:26.3696488-04:00","level":"INFO","msg":"failed to write greeting: EOF"}
{"time":"2026-10-06T09:35:28.5201588-04:00","level":"INFO","msg":"Closing session: 8aa4b4a0-2d8b-4cbe-b820-67267cee7c4a","uuid":"8aa4b4a0-2d8b-4cbe-b820-67267cee7c4a"}
{"time":"2026-10-06T09:35:28.5201588-04:00","level":"INFO","msg":"failed to write greeting: EOF"}
{"time":"2026-10-06T09:35:30.2240133-04:00","level":"INFO","msg":"Closing session: b7eb4eee-dea7-4fa4-bd29-0fbeb91350f1","uuid":"b7eb4eee-dea7-4fa4-bd29-0fbeb91350f1"}
{"time":"2026-10-06T09:35:49.7431574-04:00","level":"INFO","msg":"load next one"}
{"time":"2026-10-06T09:35:49.7436603-04:00","level":"INFO","msg":"loaded 0 items from the queue"}
{"time":"2026-10-06T09:36:12.3640131-04:00","level":"INFO","msg":"domain: localhost"}
{"time":"2026-10-06T09:36:12.3640131-04:00","level":"INFO","msg":"listenAddress: 0.0.0.0:8225"}
{"time":"2026-10-06T09:36:12.3640131-04:00","level":"INFO","msg":"readTimeoutSecond: 10"}
{"time":"2026-10-06T09:36:12.3640131-04:00","level":"INFO","msg":"writeTimeoutSecond: 10"}
{"time":"2026-10-06T09:36:12.3640131-04:00","level":"INFO","msg":"maxMessageBytes: 104857600"}
{"time":"2026-10-06T09:36:12.3640131-04:00","level":"INFO","msg":"allowInsecureAuth: false"}
{"time":"2026-10-06T09:36:12.3640131-04:00","level":"INFO","msg":"public key: C:\\Users\\dgabr\\work\\smtp-server\\docs\\cert.pem"}
{"time":"2026-10-06T09:36:12.3640131-04:00","level":"INFO","msg":"private key: C:\\Users\\dgabr\\work\\smtp-server\\docs\\key.pem"}
{"time":"2026-10-06T09:36:12.3640131-04:00","level":"INFO","msg":"587 enabled: true"}
{"time":"2026-10-06T09:36:12.3640131-04:00","level":"INFO","msg":"587 listen address: 0.0.0.0:8587"}
{"time":"2026-10-06T09:36:12.3640131-04:00","level":"INFO","msg":"db machine: localhost"}
{"time":"2026-10-06T09:36:12.3640131-04:00","level":"INFO","msg":"db port: 3306"}
{"time":"2026-10-06T09:36:12.3640131-04:00","level":"INFO","msg":"db login: smtp"}
{"time":"2026-10-06T09:36:12.3640131-04:00","level":"INFO","msg":"db password length: 4"}
{"time":"2026-10-06T09:36:12.3640131-04:00","level":"INFO","msg":"db database: smtp"}
{"time":"2026-10-06T09:36:12.3640131-04:00","level":"INFO","msg":"log fileName: C:\\Users\\dgabr\\work\\smtp-server\\docs\\logs\\smtp.log"}
{"time":"2026-10-06T09:36:12.3640131-04:00","level":"INFO","msg":"log maxSize: 100"}
{"time":"2026-10-06T09:36:12.3640131-04:00","level":"INFO","msg":"log maxAge: 365"}
{"time":"2026-10-06T09:36:12.3640131-04:00","level":"INFO","msg":"log compress: true"}
{"time":"2026-10-06T09:36:12.3640131-04:00","level":"INFO","msg":"log maxBackups: 30"}
{"time":"2026-10-06T09:36:12.3640131-04:00","level":"INFO","msg":"log queue simultaneousProcessing: 2"}
{"time":"2026-10-06T09:36:12.3640131-04:00","level":"INFO","msg":"log queue maxAttempts: 5"}
{"time":"2026-10-06T09:36:12.3645324-04:00","level":"INFO","msg":"log queue timeBetweenAttempts: 100"}
{"time":"2026-10-06T09:36:12.3645324-04:00","level":"INFO","msg":"log queue timeBetweenLoads: 60"}
{"time":"2026-10-06T09:36:12.3645324-04:00","level":"INFO","msg":"log queue loadSize: 10"}
{"time":"2026-10-06T09:36:12.3645324-04:00","level":"INFO","msg":"dkim enabled: true"}
{"time":"2026-10-06T09:36:12.3645324-04:00","level":"INFO","msg":"dkim private key: C:\\Users\\dgabr\\work\\smtp-server\\docs\\dkim_private.pem"}
{"time":"2026-10-06T09:36:12.3645324-04:00","level":"INFO","msg":"dkim selector: default"}
{"time":"2026-10-06T09:36:12.3645324-04:00","level":"INFO","msg":"spam enabled: false"}
{"time":"2026-10-06T09:36:12.3645324-04:00","level":"INFO","msg":"spam address: localhost:783"}
{"time":"2026-10-06T09:36:12.3645324-04:00","level":"INFO","msg":"spam threshold:  5.00"}
{"time":"2026-10-06T09:36:12.3645324-04:00","level":"INFO","msg":"spam copy: true"}
{"time":"2026-10-06T09:36:12.3779906-04:00","level":"INFO","msg":"Starting SMTP Server on 0.0.0.0:8225"}
{"time":"2026-10-06T09:36:14.5529676-04:00","level":"INFO","msg":"Starting SMTP Server on 0.0.0.0:8587"}
{"time":"2026-10-06T09:36:14.5535602-04:00","level":"INFO","msg":"IMAP server running on 0.0.0.0:8993 (Implicit TLS)"}
{"time":"2026-10-06T09:36:14.5535602-04:00","level":"INFO","msg":"loaded 0 items from the queue"}
{"time":"2026-10-06T09:36:45.7541895-04:00","level":"INFO","msg":"failed to write greeting: EOF"}
{"time":"2026-10-06T09:36:47.4254655-04:00","level":"INFO","msg":"Closing session: 9038976b-c4f5-4078-919e-4acd2db63a30","uuid":"9038976b-c4f5-4078-919e-4acd2db63a30"}
{"time":"2026-10-06T09:36:47.4254655-04:00","level":"INFO","msg":"failed to write greeting: EOF"}
{"time":"2026-10-06T09:36:49.2421523-04:00","level":"INFO","msg":"Closing session: 01ea406f-cdd3-454a-b1ae-f367112cf24d","uuid":"01ea406f-cdd3-454a-b1ae-f367112cf24d"}
{"time":"2026-10-06T09:37:14.5540431-04:00","level":"INFO","msg":"load next one"}
{"time":"2026-10-06T09:37:14.5545466-04:00","level":"INFO","msg":"loaded 0 items from the queue"}
{"time":"2026-10-06T09:38:14.5547954-04:00","level":"INFO","msg":"load next one"}
{"time":"2026-10-06T09:38:14.5553943-04:00","level":"INFO","msg":"loaded 0 items from the queue"}
{"time":"2026-10-06T09:39:14.5555752-04:00","level":"INFO","msg":"load next one"}
{"time":"2026-10-06T09:39:14.5555752-04:00","level":"INFO","msg":"loaded 0 items from the queue"}
{"time":"2026-10-06T09:40:14.556428-04:00","level":"INFO","msg":"load next one"}
{"time":"2026-10-06T09:40:14.556428-04:00","level":"INFO","msg":"loaded 0 items from the queue"}
{"time":"2026-10-06T09:41:14.5567459-04:00","level":"INFO","msg":"load next one"}
{"time":"2026-10-06T09:41:14.562448-04:00","level":"INFO","msg":"loaded 0 items from the queue"}
{"time":"2026-10-06T09:42:14.5626131-04:00","level":"INFO","msg":"load next one"}
{"time":"2026-10-06T09:42:14.5626131-04:00","level":"INFO","msg":"loaded 0 items from the queue"}
{"time":"2026-10-06T09:42:57.3985068-04:00","level":"INFO","msg":"domain: localhost"}
{"time":"2026-10-06T09:42:57.3985068-04:00","level":"INFO","msg":"listenAddress: 0.0.0.0:8225"}
{"time":"2026-10-06T09:42:57.3985068-04:00","level":"INFO","msg":"readTimeoutSecond: 10"}
{"time":"2026-10-06T09:42:57.3985068-04:00","level":"INFO","msg":"writeTimeoutSecond: 10"}
{"time":"2026-10-06T09:42:57.3985068-04:00","level":"INFO","msg":"maxMessageBytes: 104857600"}
{"time":"2026-10-06T09:42:57.3985068-04:00","level":"INFO","msg":"allowInsecureAuth: false"}
{"time":"2026-10-06T09:42:57.3985068-04:00","level":"INFO","msg":"public key: C:\\Users\\dgabr\\work\\smtp-server\\docs\\cert.pem"}
{"time":"2026-10-06T09:42:57.3985068-04:00","level":"INFO","msg":"private key: C:\\Users\\dgabr\\work\\smtp-server\\docs\\key.pem"}
{"time":"2026-10-06T09:42:57.3985068-04:00","level":"INFO","msg":"587 enabled: true"}
{"time":"2026-10-06T09:42:57.3985068-04:00","level":"INFO","msg":"587 listen address: 0.0.0.0:8587"}
{"time":"2026-10-06T09:42:57.3985068-04:00","level":"INFO","msg":"db machine: localhost"}
{"time":"2026-10-06T09:42:57.3985068-04:00","level":"INFO","msg":"db port: 3306"}
{"time":"2026-10-06T09:42:57.3985068-04:00","level":"INFO","msg":"db login: smtp"}
{"time":"2026-10-06T09:42:57.3985068-04:00","level":"INFO","msg":"db password length: 4"}
{"time":"2026-10-06T09:42:57.3985068-04:00","level":"INFO","msg":"db database: smtp"}
{"time":"2026-10-06T09:42:57.3985068-04:00","level":"INFO","msg":"log fileName: C:\\Users\\dgabr\\work\\smtp-server\\docs\\logs\\smtp.log"}
{"time":"2026-10-06T09:42:57.3985068-04:00","level":"INFO","msg":"log maxSize: 100"}
{"time":"2026-10-06T09:42:57.3985068-04:00","level":"INFO","msg":"log maxAge: 365"}
{"time":"2026-10-06T09:42:57.3985068-04:00","level":"INFO","msg":"log compress: true"}
{"time":"2026-10-06T09:42:57.3985068-04:00","level":"INFO","msg":"log maxBackups: 30"}
{"time":"2026-10-06T09:42:57.3985068-04:00","level":"INFO","msg":"log queue simultaneousProcessing: 2"}
{"time":"2026-10-06T09:42:57.3985068-04:00","level":"INFO","msg":"log queue maxAttempts: 5"}
{"time":"2026-10-06T09:42:57.3985068-04:00","level":"INFO","msg":"log queue timeBetweenAttempts: 100"}
{"time":"2026-10-06T09:42:57.3985068-04:00","level":"INFO","msg":"log queue timeBetweenLoads: 60"}
{"time":"2026-10-06T09:42:57.3985068-04:00","level":"INFO","msg":"log queue loadSize: 10"}
{"time":"2026-10-06T09:42:57.3985068-04:00","level":"INFO","msg":"dkim enabled: true"}
{"time":"2026-10-06T09:42:57.3985068-04:00","level":"INFO","msg":"dkim private key: C:\\Users\\dgabr\\work\\smtp-server\\docs\\dkim_private.pem"}
{"time":"2026-10-06T09:42:57.3985068-04:00","level":"INFO","msg":"dkim selector: default"}
{"time":"2026-10-06T09:42:57.3985068-04:00","level":"INFO","msg":"spam enabled: false"}
{"time":"2026-10-06T09:42:57.3985068-04:00","level":"INFO","msg":"spam address: localhost:783"}
{"time":"2026-10-06T09:42:57.3985068-04:00","level":"INFO","msg":"spam threshold:  5.00"}
{"time":"2026-10-06T09:42:57.3985068-04:00","level":"INFO","msg":"spam copy: true"}
{"time":"2026-10-06T09:42:57.4129725-04:00","level":"INFO","msg":"Starting SMTP Server on 0.0.0.0:8225"}
{"time":"2026-10-06T09:43:00.7213713-04:00","level":"INFO","msg":"Starting SMTP Server on 0.0.0.0:8587"}
{"time":"2026-10-06T09:43:00.7218749-04:00","level":"INFO","msg":"IMAP server running on 0.0.0.0:8993 (Implicit TLS)"}
{"time":"2026-10-06T09:43:00.7218749-04:00","level":"INFO","msg":"loaded 0 items from the queue"}
{"time":"2026-10-06T09:44:00.7225189-04:00","level":"INFO","msg":"load next one"}
{"time":"2026-10-06T09:44:00.7225189-04:00","level":"INFO","msg":"loaded 0 items from the queue"}
{"time":"2026-10-06T09:45:00.7231561-04:00","level":"INFO","msg":"load next one"}
{"time":"2026-10-06T09:45:00.7237574-04:00","level":"INFO","msg":"loaded 0 items from the queue"}
{"time":"2026-10-06T09:46:00.7243444-04:00","level":"INFO","msg":"load next one"}
{"time":"2026-10-06T09:46:00.7243444-04:00","level":"INFO","msg":"loaded 0 items from the queue"}
{"time":"2026-10-06T09:46:20.5578696-04:00","level":"INFO","msg":"failed to write greeting: read tcp [::1]:8993->[::1]:51578: wsarecv: An existing connection was forcibly closed by the remote host."}
{"time":"2026-10-06T09:46:22.2996686-04:00","level":"INFO","msg":"Closing session: 9d16e654-69bb-4646-b08a-fafaf6a83e81","uuid":"9d16e654-69bb-4646-b08a-fafaf6a83e81"}
{"time":"2026-10-06T09:47:00.7246039-04:00","level":"INFO","msg":"load next one"}
{"time":"2026-10-06T09:47:00.7251153-04:00","level":"INFO","msg":"loaded 0 items from the queue"}
{"time":"2026-10-06T09:47:49.0448505-04:00","level":"INFO","msg":"handling LOGIN command: invalid credentials"}
{"time":"2026-10-06T09:47:49.0464625-04:00","level":"INFO","msg":"failed to read command: in command: read tcp [::1]:8993->[::1]:63253: wsarecv: An existing connection was forcibly closed by the remote host."}
{"time":"2026-10-06T09:47:52.1334825-04:00","level":"INFO","msg":"Closing session: 854fc372-55c1-4e71-ac38-9ad84f09bc8f","uuid":"854fc372-55c1-4e71-ac38-9ad84f09bc8f"}
{"time":"2026-10-06T09:48:01.3824274-04:00","level":"INFO","msg":"load next one"}
{"time":"2026-10-06T09:48:01.388652-04:00","level":"INFO","msg":"loaded 0 items from the queue"}
{"time":"2026-10-06T09:48:02.9421989-04:00","level":"INFO","msg":"found user: alfa","uuid":"40526bd6-c60a-448c-800d-d8af7e61d5bc"}
{"time":"2026-10-06T09:48:04.7657733-04:00","level":"INFO","msg":"Closing session: 40526bd6-c60a-448c-800d-d8af7e61d5bc","uuid":"40526bd6-c60a-448c-800d-d8af7e61d5bc"}
{"time":"2026-10-06T09:48:46.8007269-04:00","level":"INFO","msg":"failed to write greeting: EOF"}
{"time":"2026-10-06T09:48:48.5430821-04:00","level":"INFO","msg":"Closing session: 19ed2075-ff4f-416f-b3a2-c184a8eb17a7","uuid":"19ed2075-ff4f-416f-b3a2-c184a8eb17a7"}
{"time":"2026-10-06T09:48:48.5430821-04:00","level":"INFO","msg":"failed to write greeting: EOF"}
{"time":"2026-10-06T09:48:50.342461-04:00","level":"INFO","msg":"Closing session: e3170900-d6bf-4f17-86bc-11db87b3451b","uuid":"e3170900-d6bf-4f17-86bc-11db87b3451b"}
{"time":"2026-10-06T09:49:01.3889453-04:00","level":"INFO","msg":"load next one"}
{"time":"2026-10-06T09:49:01.3894553-04:00","level":"INFO","msg":"loaded 0 items from the queue"}
{"time":"2026-10-06T09:49:10.7882871-04:00","level":"INFO","msg":"failed to write greeting: remote error: tls: bad certificate"}
{"time":"2026-10-06T09:49:12.3668333-04:00","level":"INFO","msg":"Closing session: 9b2032f4-2859-4fff-9374-8a05d0367ecd","uuid":"9b2032f4-2859-4fff-9374-8a05d0367ecd"}
{"time":"2026-10-06T09:49:12.3668333-04:00","level":"INFO","msg":"failed to write greeting: remote error: tls: bad certificate"}
{"time":"2026-10-06T09:49:13.3271138-04:00","level":"INFO","msg":"Closing session: 6a75b8f2-46cf-4fd0-bec5-edd0bf1367cf","uuid":"6a75b8f2-46cf-4fd0-bec5-edd0bf1367cf"}
{"time":"2026-10-06T09:49:54.4591034-04:00","level":"INFO","msg":"failed to write greeting: remote error: tls: bad certificate"}
{"time":"2026-10-06T09:49:54.9921205-04:00","level":"INFO","msg":"Closing session: 140cd2cf-c0b8-488c-8bdf-12fae77d3375","uuid":"140cd2cf-c0b8-488c-8bdf-12fae77d3375"}
{"time":"2026-10-06T09:50:01.3895048-04:00","level":"INFO","msg":"load next one"}
{"time":"2026-10-06T09:50:01.3900182-04:00","level":"INFO","msg":"loaded 0 items from the queue"}
{"time":"2026-10-06T09:50:23.4575128-04:00","level":"INFO","msg":"found user: alfa","uuid":"51102b67-6ce4-4325-8595-33846cf99e82"}
{"time":"2026-10-06T09:50:25.9211294-04:00","level":"INFO","msg":"found user: alfa","uuid":"a4eb9e1d-5f6e-4fd4-a801-a1009effd8d6"}
{"time":"2026-10-06T09:50:55.4502732-04:00","level":"INFO","msg":"found user: alfa","uuid":"d9c1d2d8-2fed-4db8-b740-b2921af4d820"}
{"time":"2026-10-06T09:50:57.8975816-04:00","level":"INFO","msg":"found user: alfa","uuid":"c3655207-c9b9-498c-b2b3-84c99a764c78"}
{"time":"2026-10-06T09:50:59.8420632-04:00","level":"INFO","msg":"found user: alfa","uuid":"cef8ad3f-65f3-45c0-a0f5-b4d45e3809b6"}
{"time":"2026-10-06T09:51:01.3903709-04:00","level":"INFO","msg":"load next one"}
{"time":"2026-10-06T09:51:01.3903709-04:00","level":"INFO","msg":"loaded 0 items from the queue"}
{"time":"2026-10-06T09:52:01.390542-04:00","level":"INFO","msg":"load next one"}
{"time":"2026-10-06T09:52:01.3910607-04:00","level":"INFO","msg":"loaded 0 items from the queue"}
{"time":"2026-10-06T09:52:14.1846014-04:00","level":"INFO","msg":"Subscribing to Sent","uuid":"cef8ad3f-65f3-45c0-a0f5-b4d45e3809b6"}
{"time":"2026-10-06T09:52:14.2729636-04:00","level":"INFO","msg":"logout","uuid":"8131dd69-5073-4e5c-971f-824bcde0b28c"}
{"time":"2026-10-06T09:52:19.8274947-04:00","level":"INFO","msg":"logout","uuid":"2e2034ed-5fb6-4ca4-9f56-fe78caa7ed5e"}
{"time":"2026-10-06T09:52:24.4782363-04:00","level":"INFO","msg":"successfully authenticated: alfa@mltt.site","uuid":"2d936d61-32fc-4262-87fd-c7211fcc3d04"}
{"time":"2026-10-06T09:52:24.4787586-04:00","level":"INFO","msg":"current session is TLS","uuid":"2d936d61-32fc-4262-87fd-c7211fcc3d04"}
{"time":"2026-10-06T09:52:24.4787586-04:00","level":"INFO","msg":"mail: alfa@mltt.site","uuid":"2d936d61-32fc-4262-87fd-c7211fcc3d04"}
{"time":"2026-10-06T09:52:24.4974832-04:00","level":"INFO","msg":"checking spf host: mltt.site with ip address: 127.0.0.1, result: SOFTFAIL, helo: [127.0.0.1]","uuid":"2d936d61-32fc-4262-87fd-c7211fcc3d04"}
{"time":"2026-10-06T09:52:24.4974832-04:00","level":"INFO","msg":"to: alfa@mltt.site","uuid":"2d936d61-32fc-4262-87fd-c7211fcc3d04"}
{"time":"2026-10-06T09:52:24.4979871-04:00","level":"INFO","msg":"usr: alfa, domain: mltt.site","uuid":"2d936d61-32fc-4262-87fd-c7211fcc3d04"}
{"time":"2026-10-06T09:52:24.4979871-04:00","level":"INFO","msg":"local: true","uuid":"2d936d61-32fc-4262-87fd-c7211fcc3d04"}
{"time":"2026-10-06T09:52:24.4985113-04:00","level":"INFO","msg":"found user: alfa","uuid":"2d936d61-32fc-4262-87fd-c7211fcc3d04"}
{"time":"2026-10-06T09:52:24.4985113-04:00","level":"INFO","msg":"checked local user: alfa and domain: mltt.site","uuid":"2d936d61-32fc-4262-87fd-c7211fcc3d04"}
{"time":"2026-10-06T09:52:24.4990788-04:00","level":"INFO","msg":"data","uuid":"2d936d61-32fc-4262-87fd-c7211fcc3d04"}
{"time":"2026-10-06T09:52:24.4996101-04:00","level":"INFO","msg":"dkim inbound we do not check dkim because this is authenticated session","uuid":"2d936d61-32fc-4262-87fd-c7211fcc3d04"}
{"time":"2026-10-06T09:52:24.5009943-04:00","level":"INFO","msg":"found user: alfa","uuid":"2d936d61-32fc-4262-87fd-c7211fcc3d04"}
{"time":"2026-10-06T09:52:24.501498-04:00","level":"ERROR","msg":"error delivering locally delivery locally email: alfa@mltt.site, error: Error 1054 (42S22): Unknown column 'from' in 'INSERT INTO'","uuid":"2d936d61-32fc-4262-87fd-c7211fcc3d04"}
{"time":"2026-10-06T09:52:24.5020683-04:00","level":"INFO","msg":"reset","uuid":"2d936d61-32fc-4262-87fd-c7211fcc3d04"}
{"time":"2026-10-06T09:52:24.50611-04:00","level":"INFO","msg":"handling APPEND command: Error 1064 (42000): You have an error in your SQL syntax; check the manual that corresponds to your MariaDB server version for the right syntax to use near 'from, sender, reply_to, to, cc, bcc)\n\t\t\t\tvalues (?, ?, ?, ?, ?, ?, ?, ?, ?, ?...' at line 3"}
{"time":"2026-10-06T09:52:29.5195546-04:00","level":"INFO","msg":"logout","uuid":"2d936d61-32fc-4262-87fd-c7211fcc3d04"}
{"time":"2026-10-06T09:52:36.0205004-04:00","level":"INFO","msg":"handling APPEND command: Error 1064 (42000): You have an error in your SQL syntax; check the manual that corresponds to your MariaDB server version for the right syntax to use near 'from, sender, reply_to, to, cc, bcc)\n\t\t\t\tvalues (?, ?, ?, ?, ?, ?, ?, ?, ?, ?...' at line 3"}
{"time":"2026-10-06T09:53:01.3911942-04:00","level":"INFO","msg":"load next one"}
{"time":"2026-10-06T09:53:01.3968965-04:00","level":"INFO","msg":"loaded 0 items from the queue"}
{"time":"2026-10-06T09:54:01.3972048-04:00","level":"INFO","msg":"load next one"}
{"time":"2026-10-06T09:54:01.3972048-04:00","level":"INFO","msg":"loaded 0 items from the queue"}
{"time":"2026-10-06T09:55:01.3974573-04:00","level":"INFO","msg":"load next one"}
{"time":"2026-10-06T09:55:01.3974573-04:00","level":"INFO","msg":"loaded 0 items from the queue"}
{"time":"2026-10-06T09:56:01.397846-04:00","level":"INFO","msg":"load next one"}
{"time":"2026-10-06T09:56:01.3984781-04:00","level":"INFO","msg":"loaded 0 items from the queue"}
{"time":"2026-10-06T09:57:01.3986038-04:00","level":"INFO","msg":"load next one"}
{"time":"2026-10-06T09:57:01.3991152-04:00","level":"INFO","msg":"loaded 0 items from the queue"}
{"time":"2026-10-06T09:58:01.3992841-04:00","level":"INFO","msg":"load next one"}
{"time":"2026-10-06T09:58:01.4055713-04:00","level":"INFO","msg":"loaded 0 items from the queue"}
{"time":"2026-10-06T09:59:01.4060055-04:00","level":"INFO","msg":"load next one"}
{"time":"2026-10-06T09:59:01.4060055-04:00","level":"INFO","msg":"loaded 0 items from the queue"}
{"time":"2026-10-06T10:00:01.4067478-04:00","level":"INFO","msg":"load next one"}
{"time":"2026-10-06T10:00:01.4073089-04:00","level":"INFO","msg":"loaded 0 items from the queue"}
{"time":"2026-10-06T10:01:01.4078081-04:00","level":"INFO","msg":"load next one"}
{"time":"2026-10-06T10:01:01.4083121-04:00","level":"INFO","msg":"loaded 0 items from the queue"}
{"time":"2026-10-06T10:02:01.4086084-04:00","level":"INFO","msg":"load next one"}
{"time":"2026-10-06T10:02:01.409115-04:00","level":"INFO","msg":"loaded 0 items from the queue"}
{"time":"2026-10-06T10:03:01.4092815-04:00","level":"INFO","msg":"load next one"}
{"time":"2026-10-06T10:03:01.4155237-04:00","level":"INFO","msg":"loaded 0 items from the queue"}
{"time":"2026-10-06T10:04:01.4158173-04:00","level":"INFO","msg":"load next one"}
{"time":"2026-10-06T10:04:01.4164286-04:00","level":"INFO","msg":"loaded 0 items from the queue"}
{"time":"2026-10-06T10:05:01.416743-04:00","level":"INFO","msg":"load next one"}
{"time":"2026-10-06T10:05:01.4172551-04:00","level":"INFO","msg":"loaded 0 items from the queue"}
{"time":"2026-10-06T10:06:01.4177911-04:00","level":"INFO","msg":"load next one"}
{"time":"2026-10-06T10:06:01.4185913-04:00","level":"INFO","msg":"loaded 0 items from the queue"}
{"time":"2026-10-06T10:07:01.4191304-04:00","level":"INFO","msg":"load next one"}
{"time":"2026-10-06T10:07:01.4197639-04:00","level":"INFO","msg":"loaded 0 items from the queue"}
{"time":"2026-10-06T10:08:01.4201581-04:00","level":"INFO","msg":"load next one"}
{"time":"2026-10-06T10:08:01.4263973-04:00","level":"INFO","msg":"loaded 0 items from the queue"}
{"time":"2026-10-06T10:09:01.4268585-04:00","level":"INFO","msg":"load next one"}
{"time":"2026-10-06T10:09:01.4273664-04:00","level":"INFO","msg":"loaded 0 items from the queue"}
{"time":"2026-10-06T10:10:01.4277281-04:00","level":"INFO","msg":"load next one"}
{"time":"2026-10-06T10:10:01.4282382-04:00","level":"INFO","msg":"loaded 0 items from the queue"}
{"time":"2026-10-06T10:11:01.4282762-04:00","level":"INFO","msg":"load next one"}
{"time":"2026-10-06T10:11:01.4287821-04:00","level":"INFO","msg":"loaded 0 items from the queue"}
{"time":"2026-10-06T10:12:01.4292914-04:00","level":"INFO","msg":"load next one"}
{"time":"2026-10-06T10:12:01.4298079-04:00","level":"INFO","msg":"loaded 0 items from the queue"}
{"time":"2026-10-06T10:13:01.430228-04:00","level":"INFO","msg":"load next one"}
{"time":"2026-10-06T10:13:01.436558-04:00","level":"INFO","msg":"loaded 0 items from the queue"}
{"time":"2026-10-06T10:14:01.4370396-04:00","level":"INFO","msg":"load next one"}
{"time":"2026-10-06T10:14:01.4370396-04:00","level":"INFO","msg":"loaded 0 items from the queue"}
{"time":"2026-10-06T10:15:01.437381-04:00","level":"INFO","msg":"load next one"}
{"time":"2026-10-06T10:15:01.4378879-04:00","level":"INFO","msg":"loaded 0 items from the queue"}
{"time":"2026-10-06T10:16:01.4382794-04:00","level":"INFO","msg":"load next one"}
{"time":"2026-10-06T10:16:01.4389052-04:00","level":"INFO","msg":"loaded 0 items from the queue"}
{"time":"2026-10-06T10:17:01.4395039-04:00","level":"INFO","msg":"load next one"}
{"time":"2026-10-06T10:17:01.4400147-04:00","level":"INFO","msg":"loaded 0 items from the queue"}
{"time":"2026-10-06T10:18:01.440589-04:00","level":"INFO","msg":"load next one"}
{"time":"2026-10-06T10:18:01.4463931-04:00","level":"INFO","msg":"loaded 0 items from the queue"}
{"time":"2026-10-06T10:19:01.4467236-04:00","level":"INFO","msg":"load next one"}
{"time":"2026-10-06T10:19:01.4472386-04:00","level":"INFO","msg":"loaded 0 items from the queue"}
{"time":"2026-10-06T10:20:01.4478963-04:00","level":"INFO","msg":"load next one"}
{"time":"2026-10-06T10:20:01.4484937-04:00","level":"INFO","msg":"loaded 0 items from the queue"}
{"time":"2026-10-06T10:21:01.4490079-04:00","level":"INFO","msg":"load next one"}
{"time":"2026-10-06T10:21:01.4490079-04:00","level":"INFO","msg":"loaded 0 items from the queue"}
{"time":"2026-10-06T10:22:01.4493356-04:00","level":"INFO","msg":"load next one"}
{"time":"2026-10-06T10:22:01.4498495-04:00","level":"INFO","msg":"loaded 0 items from the queue"}
{"time":"2026-10-06T10:23:01.4503801-04:00","level":"INFO","msg":"load next one"}
{"time":"2026-10-06T10:23:01.4561876-04:00","level":"INFO","msg":"loaded 0 items from the queue"}
{"time":"2026-10-06T10:24:01.4567475-04:00","level":"INFO","msg":"load next one"}
{"time":"2026-10-06T10:24:01.4572588-04:00","level":"INFO","msg":"loaded 0 items from the queue"}
{"time":"2026-10-06T10:25:01.4574569-04:00","level":"INFO","msg":"load next one"}
{"time":"2026-10-06T10:25:01.4578628-04:00","level":"INFO","msg":"loaded 0 items from the queue"}
{"time":"2026-10-06T10:26:01.4580612-04:00","level":"INFO","msg":"load next one"}
{"time":"2026-10-06T10:26:01.458662-04:00","level":"INFO","msg":"loaded 0 items from the queue"}
{"time":"2026-10-06T10:32:04.8856071-04:00","level":"INFO","msg":"domain: localhost"}
{"time":"2026-10-06T10:32:04.8861242-04:00","level":"INFO","msg":"listenAddress: 0.0.0.0:8225"}
{"time":"2026-10-06T10:32:04.8861242-04:00","level":"INFO","msg":"readTimeoutSecond: 10"}
{"time":"2026-10-06T10:32:04.8861242-04:00","level":"INFO","msg":"writeTimeoutSecond: 10"}
{"time":"2026-10-06T10:32:04.8861242-04:00","level":"INFO","msg":"maxMessageBytes: 104857600"}
{"time":"2026-10-06T10:32:04.8861242-04:00","level":"INFO","msg":"allowInsecureAuth: false"}
{"time":"2026-10-06T10:32:04.8861242-04:00","level":"INFO","msg":"public key: C:\\Users\\dgabr\\work\\smtp-server\\docs\\cert.pem"}
{"time":"2026-10-06T10:32:04.8861242-04:00","level":"INFO","msg":"private key: C:\\Users\\dgabr\\work\\smtp-server\\docs\\key.pem"}
{"time":"2026-10-06T10:32:04.8861242-04:00","level":"INFO","msg":"587 enabled: true"}
{"time":"2026-10-06T10:32:04.8861242-04:00","level":"INFO","msg":"587 listen address: 0.0.0.0:8587"}
{"time":"2026-10-06T10:32:04.8861242-04:00","level":"INFO","msg":"db machine: localhost"}
{"time":"2026-10-06T10:32:04.8861242-04:00","level":"INFO","msg":"db port: 3306"}
{"time":"2026-10-06T10:32:04.8861242-04:00","level":"INFO","msg":"db login: smtp"}
{"time":"2026-10-06T10:32:04.8861242-04:00","level":"INFO","msg":"db password length: 4"}
{"time":"2026-10-06T10:32:04.8861242-04:00","level":"INFO","msg":"db database: smtp"}
{"time":"2026-10-06T10:32:04.8861242-04:00","level":"INFO","msg":"log fileName: C:\\Users\\dgabr\\work\\smtp-server\\docs\\logs\\smtp.log"}
{"time":"2026-10-06T10:32:04.8861242-04:00","level":"INFO","msg":"log maxSize: 100"}
{"time":"2026-10-06T10:32:04.8861242-04:00","level":"INFO","msg":"log maxAge: 365"}
{"time":"2026-10-06T10:32:04.8861242-04:00","level":"INFO","msg":"log compress: true"}
{"time":"2026-10-06T10:32:04.8861242-04:00","level":"INFO","msg":"log maxBackups: 30"}
{"time":"2026-10-06T10:32:04.8861242-04:00","level":"INFO","msg":"log queue simultaneousProcessing: 2"}
{"time":"2026-10-06T10:32:04.8861242-04:00","level":"INFO","msg":"log queue maxAttempts: 5"}
{"time":"2026-10-06T10:32:04.8861242-04:00","level":"INFO","msg":"log queue timeBetweenAttempts: 100"}
{"time":"2026-10-06T10:32:04.8861242-04:00","level":"INFO","msg":"log queue timeBetweenLoads: 60"}
{"time":"2026-10-06T10:32:04.8861242-04:00","level":"INFO","msg":"log queue loadSize: 10"}
{"time":"2026-10-06T10:32:04.8861242-04:00","level":"INFO","msg":"dkim enabled: true"}
{"time":"2026-10-06T10:32:04.8861242-04:00","level":"INFO","msg":"dkim private key: C:\\Users\\dgabr\\work\\smtp-server\\docs\\dkim_private.pem"}
{"time":"2026-10-06T10:32:04.8861242-04:00","level":"INFO","msg":"dkim selector: default"}
{"time":"2026-10-06T10:32:04.8861242-04:00","level":"INFO","msg":"spam enabled: false"}
{"time":"2026-10-06T10:32:04.8861242-04:00","level":"INFO","msg":"spam address: localhost:783"}
{"time":"2026-10-06T10:32:04.8861242-04:00","level":"INFO","msg":"spam threshold:  5.00"}
{"time":"2026-10-06T10:32:04.8861242-04:00","level":"INFO","msg":"spam copy: true"}
{"time":"2026-10-06T10:32:04.8964903-04:00","level":"INFO","msg":"Starting SMTP Server on 0.0.0.0:8225"}
{"time":"2026-10-06T10:32:04.8964903-04:00","level":"INFO","msg":"Starting SMTP Server on 0.0.0.0:8587"}
{"time":"2026-10-06T10:32:04.8969994-04:00","level":"INFO","msg":"IMAP server running on 0.0.0.0:8993 (Implicit TLS)"}
{"time":"2026-10-06T10:32:04.8969994-04:00","level":"INFO","msg":"loaded 0 items from the queue"}
{"time":"2026-10-06T10:32:51.9535006-04:00","level":"INFO","msg":"logout","uuid":"69ab1136-efad-40aa-9355-95bdde8af302"}
{"time":"2026-10-06T10:32:51.9540038-04:00","level":"INFO","msg":"successfully authenticated: alfa@mltt.site","uuid":"fe1f5c9c-971c-4acc-938c-970f6cb08fd6"}
{"time":"2026-10-06T10:32:51.9546045-04:00","level":"INFO","msg":"current session is TLS","uuid":"fe1f5c9c-971c-4acc-938c-970f6cb08fd6"}
{"time":"2026-10-06T10:32:51.9552041-04:00","level":"INFO","msg":"mail: alfa@mltt.site","uuid":"fe1f5c9c-971c-4acc-938c-970f6cb08fd6"}
{"time":"2026-10-06T10:32:51.9751749-04:00","level":"INFO","msg":"checking spf host: mltt.site with ip address: 127.0.0.1, result: SOFTFAIL, helo: [127.0.0.1]","uuid":"fe1f5c9c-971c-4acc-938c-970f6cb08fd6"}
{"time":"2026-10-06T10:32:51.9757339-04:00","level":"INFO","msg":"to: alfa@mltt.site","uuid":"fe1f5c9c-971c-4acc-938c-970f6cb08fd6"}
{"time":"2026-10-06T10:32:51.9757339-04:00","level":"INFO","msg":"usr: alfa, domain: mltt.site","uuid":"fe1f5c9c-971c-4acc-938c-970f6cb08fd6"}
{"time":"2026-10-06T10:32:51.9757339-04:00","level":"INFO","msg":"local: true","uuid":"fe1f5c9c-971c-4acc-938c-970f6cb08fd6"}
{"time":"2026-10-06T10:32:51.9764441-04:00","level":"INFO","msg":"found user: alfa","uuid":"fe1f5c9c-971c-4acc-938c-970f6cb08fd6"}
{"time":"2026-10-06T10:32:51.9764441-04:00","level":"INFO","msg":"checked local user: alfa and domain: mltt.site","uuid":"fe1f5c9c-971c-4acc-938c-970f6cb08fd6"}
{"time":"2026-10-06T10:32:51.9764441-04:00","level":"INFO","msg":"data","uuid":"fe1f5c9c-971c-4acc-938c-970f6cb08fd6"}
{"time":"2026-10-06T10:32:51.978254-04:00","level":"INFO","msg":"dkim inbound we do not check dkim because this is authenticated session","uuid":"fe1f5c9c-971c-4acc-938c-970f6cb08fd6"}
{"time":"2026-10-06T10:32:51.9786192-04:00","level":"INFO","msg":"found user: alfa","uuid":"fe1f5c9c-971c-4acc-938c-970f6cb08fd6"}
{"time":"2026-10-06T10:32:51.9796869-04:00","level":"INFO","msg":"reset","uuid":"fe1f5c9c-971c-4acc-938c-970f6cb08fd6"}
{"time":"2026-10-06T10:32:51.9895033-04:00","level":"INFO","msg":"found user: alfa","uuid":"e4b7a7df-63f3-49fc-8141-8a5181dc1d68"}
{"time":"2026-10-06T10:32:57.2178871-04:00","level":"INFO","msg":"logout","uuid":"fe1f5c9c-971c-4acc-938c-970f6cb08fd6"}
{"time":"2026-10-06T10:33:04.8970316-04:00","level":"INFO","msg":"load next one"}
{"time":"2026-10-06T10:33:04.897535-04:00","level":"INFO","msg":"loaded 0 items from the queue"}
{"time":"2026-10-06T10:34:04.8980259-04:00","level":"INFO","msg":"load next one"}
{"time":"2026-10-06T10:34:04.8980259-04:00","level":"INFO","msg":"loaded 0 items from the queue"}
{"time":"2026-10-06T10:34:39.89471-04:00","level":"INFO","msg":"found user: alfa","uuid":"1f6e7a3a-4f6c-4e3f-bdee-8c8fb13a2063"}
{"time":"2026-10-06T10:34:39.8964392-04:00","level":"INFO","msg":"fetch, mailbox selected: deb9bbe8-b64b-4c8b-ad9b-676000c56d57, numset: 1:*, found 1 messages","uuid":"1f6e7a3a-4f6c-4e3f-bdee-8c8fb13a2063"}
{"time":"2026-10-06T10:34:39.8978722-04:00","level":"INFO","msg":"fetch, mailbox selected: deb9bbe8-b64b-4c8b-ad9b-676000c56d57, numset: 1, found 1 messages","uuid":"1f6e7a3a-4f6c-4e3f-bdee-8c8fb13a2063"}
{"time":"2026-10-06T10:34:39.9066771-04:00","level":"INFO","msg":"handling UID COPY command: imapwire: cannot encode empty sequence set"}
{"time":"2026-10-06T10:34:39.9083535-04:00","level":"INFO","msg":"fetch, mailbox selected: deb9bbe8-b64b-4c8b-ad9b-676000c56d57, numset: 2:*, found 0 messages","uuid":"1f6e7a3a-4f6c-4e3f-bdee-8c8fb13a2063"}
{"time":"2026-10-06T10:34:40.9787941-04:00","level":"INFO","msg":"found user: alfa","uuid":"f0eb32c7-9d7c-4e30-a861-10fca81d2f07"}
{"time":"2026-10-06T10:34:42.2551198-04:00","level":"INFO","msg":"fetch, mailbox selected: deb9bbe8-b64b-4c8b-ad9b-676000c56d57, numset: 2:*, found 0 messages","uuid":"1f6e7a3a-4f6c-4e3f-bdee-8c8fb13a2063"}
{"time":"2026-10-06T10:35:04.8987131-04:00","level":"INFO","msg":"load next one"}
{"time":"2026-10-06T10:35:04.8987131-04:00","level":"INFO","msg":"loaded 0 items from the queue"}
{"time":"2026-10-06T10:35:37.4366958-04:00","level":"INFO","msg":"found user: alfa","uuid":"21e1700e-7815-42e0-9a1d-22a6183ef4b4"}
{"time":"2026-10-06T10:35:41.0956884-04:00","level":"INFO","msg":"found user: alfa","uuid":"643e0aac-a7b2-4df2-9269-c20fcfe912ca"}
{"time":"2026-10-06T10:35:41.0972915-04:00","level":"INFO","msg":"fetch, mailbox selected: 1, numset: 1:*, found 1 messages","uuid":"643e0aac-a7b2-4df2-9269-c20fcfe912ca"}
{"time":"2026-10-06T10:35:41.0983544-04:00","level":"INFO","msg":"fetch, mailbox selected: 1, numset: 1, found 1 messages","uuid":"643e0aac-a7b2-4df2-9269-c20fcfe912ca"}
{"time":"2026-10-06T10:35:41.1181543-04:00","level":"INFO","msg":"fetch, mailbox selected: 1, numset: 1, found 1 messages","uuid":"643e0aac-a7b2-4df2-9269-c20fcfe912ca"}
{"time":"2026-10-06T10:35:44.1533254-04:00","level":"INFO","msg":"fetch, mailbox selected: 1, numset: 1, found 1 messages","uuid":"643e0aac-a7b2-4df2-9269-c20fcfe912ca"}
{"time":"2026-10-06T10:35:44.1533254-04:00","level":"INFO","msg":"marking message as seen: bd120499-86e8-4494-8a99-20b5ee3bc94a","uuid":"643e0aac-a7b2-4df2-9269-c20fcfe912ca"}
{"time":"2026-10-06T10:35:50.0348077-04:00","level":"INFO","msg":"fetch, mailbox selected: 1, numset: 1:*, found 1 messages","uuid":"643e0aac-a7b2-4df2-9269-c20fcfe912ca"}
{"time":"2026-10-06T10:35:50.1373609-04:00","level":"INFO","msg":"Polling message count: 1 changed from 0","uuid":"f0eb32c7-9d7c-4e30-a861-10fca81d2f07"}
{"time":"2026-10-06T10:35:50.1401421-04:00","level":"INFO","msg":"fetch, mailbox selected: 6, numset: 1:*, found 1 messages","uuid":"f0eb32c7-9d7c-4e30-a861-10fca81d2f07"}
{"time":"2026-10-06T10:35:50.1410024-04:00","level":"INFO","msg":"fetch, mailbox selected: 6, numset: 1, found 1 messages","uuid":"f0eb32c7-9d7c-4e30-a861-10fca81d2f07"}
{"time":"2026-10-06T10:35:50.1430142-04:00","level":"INFO","msg":"fetch, mailbox selected: 6, numset: 1, found 1 messages","uuid":"f0eb32c7-9d7c-4e30-a861-10fca81d2f07"}
{"time":"2026-10-06T10:35:50.5427062-04:00","level":"INFO","msg":"fetch, mailbox selected: 6, numset: 2:*, found 0 messages","uuid":"f0eb32c7-9d7c-4e30-a861-10fca81d2f07"}
{"time":"2026-10-06T10:35:51.0417005-04:00","level":"INFO","msg":"fetch, mailbox selected: deb9bbe8-b64b-4c8b-ad9b-676000c56d57, numset: 2:*, found 0 messages","uuid":"1f6e7a3a-4f6c-4e3f-bdee-8c8fb13a2063"}
{"time":"2026-10-06T10:35:52.2069199-04:00","level":"INFO","msg":"fetch, mailbox selected: 1, numset: 2:*, found 0 messages","uuid":"643e0aac-a7b2-4df2-9269-c20fcfe912ca"}
{"time":"2026-10-06T10:35:55.2641682-04:00","level":"INFO","msg":"fetch, mailbox selected: deb9bbe8-b64b-4c8b-ad9b-676000c56d57, numset: 2:*, found 0 messages","uuid":"1f6e7a3a-4f6c-4e3f-bdee-8c8fb13a2063"}
{"time":"2026-10-06T10:35:58.9344108-04:00","level":"INFO","msg":"fetch, mailbox selected: deb9bbe8-b64b-4c8b-ad9b-676000c56d57, numset: 1:*, found 1 messages","uuid":"1f6e7a3a-4f6c-4e3f-bdee-8c8fb13a2063"}
{"time":"2026-10-06T10:36:00.2715271-04:00","level":"INFO","msg":"Polling message count: 2 changed from 1","uuid":"f0eb32c7-9d7c-4e30-a861-10fca81d2f07"}
{"time":"2026-10-06T10:36:00.2805347-04:00","level":"INFO","msg":"fetch, mailbox selected: 6, numset: 2:*, found 1 messages","uuid":"f0eb32c7-9d7c-4e30-a861-10fca81d2f07"}
{"time":"2026-10-06T10:36:00.2825936-04:00","level":"INFO","msg":"fetch, mailbox selected: 6, numset: 2, found 1 messages","uuid":"f0eb32c7-9d7c-4e30-a861-10fca81d2f07"}
{"time":"2026-10-06T10:36:00.2882145-04:00","level":"INFO","msg":"fetch, mailbox selected: 6, numset: 3:*, found 0 messages","uuid":"f0eb32c7-9d7c-4e30-a861-10fca81d2f07"}
{"time":"2026-10-06T10:36:01.9407074-04:00","level":"INFO","msg":"fetch, mailbox selected: deb9bbe8-b64b-4c8b-ad9b-676000c56d57, numset: 2:*, found 0 messages","uuid":"1f6e7a3a-4f6c-4e3f-bdee-8c8fb13a2063"}
{"time":"2026-10-06T10:36:02.5212109-04:00","level":"INFO","msg":"fetch, mailbox selected: 6, numset: 3:*, found 0 messages","uuid":"f0eb32c7-9d7c-4e30-a861-10fca81d2f07"}
{"time":"2026-10-06T10:36:04.8995262-04:00","level":"INFO","msg":"load next one"}
{"time":"2026-10-06T10:36:04.8995262-04:00","level":"INFO","msg":"loaded 0 items from the queue"}
{"time":"2026-10-06T10:36:05.9811862-04:00","level":"INFO","msg":"fetch, mailbox selected: 1, numset: 2:*, found 0 messages","uuid":"643e0aac-a7b2-4df2-9269-c20fcfe912ca"}
{"time":"2026-10-06T10:49:24.9461441-04:00","level":"INFO","msg":"domain: localhost"}
{"time":"2026-10-06T10:49:24.9466683-04:00","level":"INFO","msg":"listenAddress: 0.0.0.0:8225"}
{"time":"2026-10-06T10:49:24.9466683-04:00","level":"INFO","msg":"readTimeoutSecond: 10"}
{"time":"2026-10-06T10:49:24.9466683-04:00","level":"INFO","msg":"writeTimeoutSecond: 10"}
{"time":"2026-10-06T10:49:24.9466683-04:00","level":"INFO","msg":"maxMessageBytes: 104857600"}
{"time":"2026-10-06T10:49:24.9466683-04:00","level":"INFO","msg":"allowInsecureAuth: false"}
{"time":"2026-10-06T10:49:24.9466683-04:00","level":"INFO","msg":"public key: C:\\Users\\dgabr\\work\\smtp-server\\docs\\cert.pem"}
{"time":"2026-10-06T10:49:24.9466683-04:00","level":"INFO","msg":"private key: C:\\Users\\dgabr\\work\\smtp-server\\docs\\key.pem"}
{"time":"2026-10-06T10:49:24.9466683-04:00","level":"INFO","msg":"587 enabled: true"}
{"time":"2026-10-06T10:49:24.9466683-04:00","level":"INFO","msg":"587 listen address: 0.0.0.0:8587"}
{"time":"2026-10-06T10:49:24.9466683-04:00","level":"INFO","msg":"db machine: localhost"}
{"time":"2026-10-06T10:49:24.9466683-04:00","level":"INFO","msg":"db port: 3306"}
{"time":"2026-10-06T10:49:24.9466683-04:00","level":"INFO","msg":"db login: smtp"}
{"time":"2026-10-06T10:49:24.9466683-04:00","level":"INFO","msg":"db password length: 4"}
{"time":"2026-10-06T10:49:24.9466683-04:00","level":"INFO","msg":"db database: smtp"}
{"time":"2026-10-06T10:49:24.9466683-04:00","level":"INFO","msg":"log fileName: C:\\Users\\dgabr\\work\\smtp-server\\docs\\logs\\smtp.log"}
{"time":"2026-10-06T10:49:24.9466683-04:00","level":"INFO","msg":"log maxSize: 100"}
{"time":"2026-10-06T10:49:24.9466683-04:00","level":"INFO","msg":"log maxAge: 365"}
{"time":"2026-10-06T10:49:24.9466683-04:00","level":"INFO","msg":"log compress: true"}
{"time":"2026-10-06T10:49:24.9466683-04:00","level":"INFO","msg":"log maxBackups: 30"}
{"time":"2026-10-06T10:49:24.9466683-04:00","level":"INFO","msg":"log queue simultaneousProcessing: 2"}
{"time":"2026-10-06T10:49:24.9466683-04:00","level":"INFO","msg":"log queue maxAttempts: 5"}
{"time":"2026-10-06T10:49:24.9466683-04:00","level":"INFO","msg":"log queue timeBetweenAttempts: 100"}
{"time":"2026-10-06T10:49:24.9466683-04:00","level":"INFO","msg":"log queue timeBetweenLoads: 60"}
{"time":"2026-10-06T10:49:24.9466683-04:00","level":"INFO","msg":"log queue loadSize: 10"}
{"time":"2026-10-06T10:49:24.9466683-04:00","level":"INFO","msg":"dkim enabled: true"}
{"time":"2026-10-06T10:49:24.9466683-04:00","level":"INFO","msg":"dkim private key: C:\\Users\\dgabr\\work\\smtp-server\\docs\\dkim_private.pem"}
{"time":"2026-10-06T10:49:24.9466683-04:00","level":"INFO","msg":"dkim selector: default"}
{"time":"2026-10-06T10:49:24.9466683-04:00","level":"INFO","msg":"spam enabled: false"}
{"time":"2026-10-06T10:49:24.9466683-04:00","level":"INFO","msg":"spam address: localhost:783"}
{"time":"2026-10-06T10:49:24.9466683-04:00","level":"INFO","msg":"spam threshold:  5.00"}
{"time":"2026-10-06T10:49:24.9466683-04:00","level":"INFO","msg":"spam copy: true"}
{"time":"2026-10-06T10:49:24.9577274-04:00","level":"INFO","msg":"Starting SMTP Server on 0.0.0.0:8225"}
{"time":"2026-10-06T10:49:24.9577274-04:00","level":"INFO","msg":"Starting SMTP Server on 0.0.0.0:8587"}
{"time":"2026-10-06T10:49:24.9577274-04:00","level":"INFO","msg":"IMAP server running on 0.0.0.0:8993 (Implicit TLS)"}
{"time":"2026-10-06T10:49:24.9582481-04:00","level":"INFO","msg":"loaded 0 items from the queue"}
{"time":"2026-10-06T10:49:28.5190082-04:00","level":"INFO","msg":"found user: alfa","uuid":"2eacf4b7-a69f-4f8e-8363-fd5947917abd"}
{"time":"2026-10-06T10:49:28.5211914-04:00","level":"INFO","msg":"fetch, mailbox selected: 1, numset: 1:*, found 1 messages","uuid":"2eacf4b7-a69f-4f8e-8363-fd5947917abd"}
{"time":"2026-10-06T10:49:47.2228376-04:00","level":"INFO","msg":"logout","uuid":"2a32c424-43c0-4648-960d-d53464a31f6a"}
{"time":"2026-10-06T10:49:47.2559987-04:00","level":"INFO","msg":"successfully authenticated: alfa@mltt.site","uuid":"a3b7d2f7-e8d0-480a-9651-8e071a8a5cb8"}
{"time":"2026-10-06T10:49:47.2565015-04:00","level":"INFO","msg":"current session is TLS","uuid":"a3b7d2f7-e8d0-480a-9651-8e071a8a5cb8"}
{"time":"2026-10-06T10:49:47.2565015-04:00","level":"INFO","msg":"mail: alfa@mltt.site","uuid":"a3b7d2f7-e8d0-480a-9651-8e071a8a5cb8"}
{"time":"2026-10-06T10:49:47.275175-04:00","level":"INFO","msg":"checking spf host: mltt.site with ip address: 127.0.0.1, result: SOFTFAIL, helo: [127.0.0.1]","uuid":"a3b7d2f7-e8d0-480a-9651-8e071a8a5cb8"}
{"time":"2026-10-06T10:49:47.275175-04:00","level":"INFO","msg":"to: alfa@mltt.site","uuid":"a3b7d2f7-e8d0-480a-9651-8e071a8a5cb8"}
{"time":"2026-10-06T10:49:47.2756802-04:00","level":"INFO","msg":"usr: alfa, domain: mltt.site","uuid":"a3b7d2f7-e8d0-480a-9651-8e071a8a5cb8"}
{"time":"2026-10-06T10:49:47.2756802-04:00","level":"INFO","msg":"local: true","uuid":"a3b7d2f7-e8d0-480a-9651-8e071a8a5cb8"}
{"time":"2026-10-06T10:49:47.2762114-04:00","level":"INFO","msg":"found user: alfa","uuid":"a3b7d2f7-e8d0-480a-9651-8e071a8a5cb8"}
{"time":"2026-10-06T10:49:47.2762114-04:00","level":"INFO","msg":"checked local user: alfa and domain: mltt.site","uuid":"a3b7d2f7-e8d0-480a-9651-8e071a8a5cb8"}
{"time":"2026-10-06T10:49:47.2762114-04:00","level":"INFO","msg":"data","uuid":"a3b7d2f7-e8d0-480a-9651-8e071a8a5cb8"}
{"time":"2026-10-06T10:49:47.2774797-04:00","level":"INFO","msg":"dkim inbound we do not check dkim because this is authenticated session","uuid":"a3b7d2f7-e8d0-480a-9651-8e071a8a5cb8"}
{"time":"2026-10-06T10:49:47.2783131-04:00","level":"INFO","msg":"found user: alfa","uuid":"a3b7d2f7-e8d0-480a-9651-8e071a8a5cb8"}
{"time":"2026-10-06T10:49:47.2805014-04:00","level":"INFO","msg":"reset","uuid":"a3b7d2f7-e8d0-480a-9651-8e071a8a5cb8"}
{"time":"2026-10-06T10:49:47.2871523-04:00","level":"INFO","msg":"found user: alfa","uuid":"5a7a230c-2d7f-4f21-8520-d7a996d2622c"}
{"time":"2026-10-06T10:49:50.1163627-04:00","level":"INFO","msg":"found user: alfa","uuid":"82c32a6a-e976-46d9-ada6-9d8a7deb42c4"}
{"time":"2026-10-06T10:49:50.1184791-04:00","level":"INFO","msg":"fetch, mailbox selected: deb9bbe8-b64b-4c8b-ad9b-676000c56d57, numset: 1:*, found 2 messages","uuid":"82c32a6a-e976-46d9-ada6-9d8a7deb42c4"}
{"time":"2026-10-06T10:49:50.1193207-04:00","level":"INFO","msg":"fetch, mailbox selected: deb9bbe8-b64b-4c8b-ad9b-676000c56d57, numset: 2, found 1 messages","uuid":"82c32a6a-e976-46d9-ada6-9d8a7deb42c4"}
{"time":"2026-10-06T10:49:50.535675-04:00","level":"INFO","msg":"Polling message count: 2 changed from 1","uuid":"2eacf4b7-a69f-4f8e-8363-fd5947917abd"}
{"time":"2026-10-06T10:49:50.5381381-04:00","level":"INFO","msg":"fetch, mailbox selected: 1, numset: 1:*, found 2 messages","uuid":"2eacf4b7-a69f-4f8e-8363-fd5947917abd"}
{"time":"2026-10-06T10:49:50.539265-04:00","level":"INFO","msg":"fetch, mailbox selected: 1, numset: 2, found 1 messages","uuid":"2eacf4b7-a69f-4f8e-8363-fd5947917abd"}
{"time":"2026-10-06T10:49:50.5523419-04:00","level":"INFO","msg":"fetch, mailbox selected: 1, numset: 2, found 1 messages","uuid":"2eacf4b7-a69f-4f8e-8363-fd5947917abd"}
{"time":"2026-10-06T10:49:51.6632169-04:00","level":"INFO","msg":"fetch, mailbox selected: 1, numset: 1:*, found 2 messages","uuid":"2eacf4b7-a69f-4f8e-8363-fd5947917abd"}
{"time":"2026-10-06T10:49:52.2964987-04:00","level":"INFO","msg":"logout","uuid":"a3b7d2f7-e8d0-480a-9651-8e071a8a5cb8"}
{"time":"2026-10-06T10:49:52.8468754-04:00","level":"INFO","msg":"fetch, mailbox selected: 1, numset: 2, found 1 messages","uuid":"2eacf4b7-a69f-4f8e-8363-fd5947917abd"}
{"time":"2026-10-06T10:49:52.8468754-04:00","level":"INFO","msg":"marking message as seen: c56dd12b-82d0-4486-93fb-d5904f00d80b","uuid":"2eacf4b7-a69f-4f8e-8363-fd5947917abd"}
{"time":"2026-10-06T10:50:24.9591908-04:00","level":"INFO","msg":"load next one"}
{"time":"2026-10-06T10:50:24.9591908-04:00","level":"INFO","msg":"loaded 0 items from the queue"}
{"time":"2026-10-06T10:50:33.0260067-04:00","level":"INFO","msg":"fetch, mailbox selected: deb9bbe8-b64b-4c8b-ad9b-676000c56d57, numset: 3:*, found 0 messages","uuid":"82c32a6a-e976-46d9-ada6-9d8a7deb42c4"}
{"time":"2026-10-06T10:50:35.0056733-04:00","level":"INFO","msg":"fetch, mailbox selected: deb9bbe8-b64b-4c8b-ad9b-676000c56d57, numset: 3:*, found 0 messages","uuid":"82c32a6a-e976-46d9-ada6-9d8a7deb42c4"}
{"time":"2026-10-06T10:50:35.0192065-04:00","level":"INFO","msg":"fetch, mailbox selected: deb9bbe8-b64b-4c8b-ad9b-676000c56d57, numset: 3:*, found 0 messages","uuid":"82c32a6a-e976-46d9-ada6-9d8a7deb42c4"}
{"time":"2026-10-06T10:50:35.0202733-04:00","level":"INFO","msg":"fetch, mailbox selected: deb9bbe8-b64b-4c8b-ad9b-676000c56d57, numset: 3:*, found 0 messages","uuid":"82c32a6a-e976-46d9-ada6-9d8a7deb42c4"}
{"time":"2026-10-06T10:50:35.4218626-04:00","level":"INFO","msg":"found user: alfa","uuid":"e7037ab5-884e-4187-b469-695d8044c026"}
{"time":"2026-10-06T10:50:35.4240593-04:00","level":"INFO","msg":"fetch, mailbox selected: 6, numset: 1:*, found 2 messages","uuid":"e7037ab5-884e-4187-b469-695d8044c026"}
{"time":"2026-10-06T10:50:35.4250754-04:00","level":"INFO","msg":"fetch, mailbox selected: 6, numset: 1, found 1 messages","uuid":"e7037ab5-884e-4187-b469-695d8044c026"}
{"time":"2026-10-06T10:50:35.4278812-04:00","level":"INFO","msg":"fetch, mailbox selected: 6, numset: 1, found 1 messages","uuid":"e7037ab5-884e-4187-b469-695d8044c026"}
{"time":"2026-10-06T10:50:36.6178815-04:00","level":"INFO","msg":"found user: alfa","uuid":"57f081d3-be13-42e4-bfa8-582a57e6b5c3"}
{"time":"2026-10-06T10:50:37.8664374-04:00","level":"INFO","msg":"fetch, mailbox selected: deb9bbe8-b64b-4c8b-ad9b-676000c56d57, numset: 3:*, found 0 messages","uuid":"82c32a6a-e976-46d9-ada6-9d8a7deb42c4"}
{"time":"2026-10-06T10:50:38.984242-04:00","level":"INFO","msg":"Polling message count: 4 changed from 2","uuid":"2eacf4b7-a69f-4f8e-8363-fd5947917abd"}
{"time":"2026-10-06T10:50:38.9875467-04:00","level":"INFO","msg":"fetch, mailbox selected: 1, numset: 3:*, found 2 messages","uuid":"2eacf4b7-a69f-4f8e-8363-fd5947917abd"}
{"time":"2026-10-06T10:50:38.9886755-04:00","level":"INFO","msg":"fetch, mailbox selected: 1, numset: 3, found 1 messages","uuid":"2eacf4b7-a69f-4f8e-8363-fd5947917abd"}
{"time":"2026-10-06T10:51:24.9596832-04:00","level":"INFO","msg":"load next one"}
{"time":"2026-10-06T10:51:24.96023-04:00","level":"INFO","msg":"loaded 0 items from the queue"}
